2026-01-16 17:33:46,472 src.masks DEBUG Проверяем длинну номера карты...
2026-01-16 17:33:46,473 src.masks DEBUG Проверка длины номера карты пройдена успешно!
2026-01-16 17:33:46,473 src.masks DEBUG Начинаем маскировку...
2026-01-16 17:33:46,473 src.masks DEBUG Успешно!
2026-01-16 17:33:46,473 src.masks DEBUG Проверяем длинну номера карты...
2026-01-16 17:33:46,474 src.masks DEBUG Проверка длины номера карты пройдена успешно!
2026-01-16 17:33:46,474 src.masks DEBUG Начинаем маскировку...
2026-01-16 17:33:46,474 src.masks DEBUG Успешно!
2026-01-16 17:33:46,476 src.masks DEBUG Проверяем длинну номера карты...
2026-01-16 17:33:46,477 src.masks DEBUG Проверка длины номера карты пройдена успешно!
2026-01-16 17:33:46,477 src.masks DEBUG Начинаем маскировку...
2026-01-16 17:33:46,477 src.masks DEBUG Успешно!
2026-01-16 17:33:46,477 src.masks DEBUG Проверяем длинну номера карты...
2026-01-16 17:33:46,477 src.masks DEBUG Проверка длины номера карты пройдена успешно!
2026-01-16 17:33:46,477 src.masks DEBUG Начинаем маскировку...
2026-01-16 17:33:46,477 src.masks DEBUG Успешно!
2026-01-16 17:33:46,477 src.masks DEBUG Проверяем длинну номера карты...
2026-01-16 17:33:46,477 src.masks DEBUG Проверка длины номера карты пройдена успешно!
2026-01-16 17:33:46,477 src.masks DEBUG Начинаем маскировку...
2026-01-16 17:33:46,477 src.masks DEBUG Успешно!
2026-01-16 17:33:46,477 src.masks DEBUG Проверяем длинну номера карты...
2026-01-16 17:33:46,477 src.masks DEBUG Проверка длины номера карты пройдена успешно!
2026-01-16 17:33:46,477 src.masks DEBUG Начинаем маскировку...
2026-01-16 17:33:46,477 src.masks DEBUG Успешно!
2026-01-16 17:33:46,480 src.masks DEBUG Проверяем длинну номера карты...
2026-01-16 17:33:46,480 src.masks DEBUG Проверка длины номера карты пройдена успешно!
2026-01-16 17:33:46,480 src.masks DEBUG Начинаем маскировку...
2026-01-16 17:33:46,480 src.masks DEBUG Успешно!
2026-01-16 17:33:46,482 src.masks DEBUG Проверяем длинну номера карты...
2026-01-16 17:33:46,482 src.masks ERROR Номер карты должен быть равен 16!
2026-01-16 17:33:46,484 src.masks DEBUG Проверяем длинну номера карты...
2026-01-16 17:33:46,484 src.masks ERROR Номер карты должен быть равен 16!
2026-01-16 17:33:46,486 src.masks DEBUG Проверяем длинну номера карты...
2026-01-16 17:33:46,486 src.masks ERROR Номер карты должен быть равен 16!
2026-01-16 17:33:46,490 src.masks DEBUG Принимаю номер счета...
2026-01-16 17:33:46,490 src.masks DEBUG Начинаю маскировку...
2026-01-16 17:33:46,490 src.masks DEBUG Успешно!
2026-01-16 17:33:46,492 src.masks DEBUG Принимаю номер счета...
2026-01-16 17:33:46,492 src.masks DEBUG Начинаю маскировку...
2026-01-16 17:33:46,492 src.masks DEBUG Успешно!
2026-01-16 17:33:46,494 src.masks DEBUG Принимаю номер счета...
2026-01-16 17:33:46,495 src.masks DEBUG Начинаю маскировку...
2026-01-16 17:33:46,495 src.masks DEBUG Успешно!
2026-01-16 17:33:46,497 src.masks DEBUG Принимаю номер счета...
2026-01-16 17:33:46,497 src.masks DEBUG Начинаю маскировку...
2026-01-16 17:33:46,497 src.masks DEBUG Успешно!
2026-01-16 17:33:46,499 src.masks DEBUG Принимаю номер счета...
2026-01-16 17:33:46,499 src.masks DEBUG Начинаю маскировку...
2026-01-16 17:33:46,499 src.masks DEBUG Успешно!
2026-01-16 17:33:46,501 src.masks DEBUG Принимаю номер счета...
2026-01-16 17:33:46,501 src.masks DEBUG Начинаю маскировку...
2026-01-16 17:33:46,501 src.masks DEBUG Успешно!
2026-01-16 17:33:46,546 src.masks DEBUG Принимаю номер счета...
2026-01-16 17:33:46,547 src.masks DEBUG Начинаю маскировку...
2026-01-16 17:33:46,547 src.masks DEBUG Успешно!
2026-01-16 17:33:46,548 src.masks DEBUG Проверяем длинну номера карты...
2026-01-16 17:33:46,548 src.masks DEBUG Проверка длины номера карты пройдена успешно!
2026-01-16 17:33:46,549 src.masks DEBUG Начинаем маскировку...
2026-01-16 17:33:46,549 src.masks DEBUG Успешно!
2026-01-16 17:33:46,551 src.masks DEBUG Проверяем длинну номера карты...
2026-01-16 17:33:46,551 src.masks DEBUG Проверка длины номера карты пройдена успешно!
2026-01-16 17:33:46,551 src.masks DEBUG Начинаем маскировку...
2026-01-16 17:33:46,551 src.masks DEBUG Успешно!
2026-01-16 17:33:46,553 src.masks DEBUG Принимаю номер счета...
2026-01-16 17:33:46,554 src.masks DEBUG Начинаю маскировку...
2026-01-16 17:33:46,554 src.masks DEBUG Успешно!
2026-01-16 17:33:46,556 src.masks DEBUG Проверяем длинну номера карты...
2026-01-16 17:33:46,556 src.masks DEBUG Проверка длины номера карты пройдена успешно!
2026-01-16 17:33:46,556 src.masks DEBUG Начинаем маскировку...
2026-01-16 17:33:46,556 src.masks DEBUG Успешно!
2026-01-16 17:33:46,558 src.masks DEBUG Принимаю номер счета...
2026-01-16 17:33:46,558 src.masks DEBUG Начинаю маскировку...
2026-01-16 17:33:46,558 src.masks DEBUG Успешно!
2026-01-16 17:33:46,560 src.masks DEBUG Проверяем длинну номера карты...
2026-01-16 17:33:46,560 src.masks DEBUG Проверка длины номера карты пройдена успешно!
2026-01-16 17:33:46,560 src.masks DEBUG Начинаем маскировку...
2026-01-16 17:33:46,560 src.masks DEBUG Успешно!
2026-01-16 17:33:46,562 src.masks DEBUG Проверяем длинну номера карты...
2026-01-16 17:33:46,562 src.masks DEBUG Проверка длины номера карты пройдена успешно!
2026-01-16 17:33:46,562 src.masks DEBUG Начинаем маскировку...
2026-01-16 17:33:46,562 src.masks DEBUG Успешно!
2026-01-16 17:33:46,564 src.masks DEBUG Принимаю номер счета...
2026-01-16 17:33:46,564 src.masks DEBUG Начинаю маскировку...
2026-01-16 17:33:46,564 src.masks DEBUG Успешно!
