2026-01-05 13:22:28,881 __main__ DEBUG json_file: Готов к отрытию.
2026-01-05 13:22:28,882 __main__ DEBUG json_file: Успешно открыт.
2026-01-05 13:22:28,882 __main__ DEBUG Делаем магию...
2026-01-05 13:22:28,882 __main__ DEBUG Успешно.
2026-01-16 15:41:21,060 src.utils DEBUG json_file: Готов к отрытию.
2026-01-16 15:41:21,066 src.utils DEBUG json_file: Успешно открыт.
2026-01-16 15:41:21,066 src.utils DEBUG Делаем магию...
2026-01-16 15:41:21,066 src.utils DEBUG Успешно.
2026-01-16 15:44:17,653 src.utils DEBUG json_file: Готов к отрытию.
2026-01-16 15:44:17,654 src.utils DEBUG json_file: Успешно открыт.
2026-01-16 15:44:17,655 src.utils DEBUG Делаем магию...
2026-01-16 15:44:17,655 src.utils DEBUG Успешно.
2026-01-16 15:46:04,778 src.utils DEBUG json_file: Готов к отрытию.
2026-01-16 15:46:04,779 src.utils DEBUG json_file: Успешно открыт.
2026-01-16 15:46:04,779 src.utils DEBUG Делаем магию...
2026-01-16 15:46:04,779 src.utils DEBUG Успешно.
2026-01-16 15:47:27,004 src.utils DEBUG json_file: Готов к отрытию.
2026-01-16 15:47:27,005 src.utils DEBUG json_file: Успешно открыт.
2026-01-16 15:47:27,005 src.utils DEBUG Делаем магию...
2026-01-16 15:47:27,006 src.utils DEBUG Успешно.
2026-01-16 15:48:50,083 src.utils DEBUG json_file: Готов к отрытию.
2026-01-16 15:48:50,085 src.utils DEBUG json_file: Успешно открыт.
2026-01-16 15:48:50,085 src.utils DEBUG Делаем магию...
2026-01-16 15:48:50,085 src.utils DEBUG Успешно.
2026-01-16 15:51:05,026 src.utils DEBUG json_file: Готов к отрытию.
2026-01-16 15:51:05,027 src.utils DEBUG json_file: Успешно открыт.
2026-01-16 15:51:05,027 src.utils DEBUG Делаем магию...
2026-01-16 15:51:05,027 src.utils DEBUG Успешно.
2026-01-16 15:51:47,127 src.utils DEBUG json_file: Готов к отрытию.
2026-01-16 15:51:47,128 src.utils DEBUG json_file: Успешно открыт.
2026-01-16 15:51:47,128 src.utils DEBUG Делаем магию...
2026-01-16 15:51:47,128 src.utils DEBUG Успешно.
2026-01-16 15:52:59,019 src.utils DEBUG json_file: Готов к отрытию.
2026-01-16 15:52:59,021 src.utils DEBUG json_file: Успешно открыт.
2026-01-16 15:52:59,021 src.utils DEBUG Делаем магию...
2026-01-16 15:52:59,021 src.utils DEBUG Успешно.
2026-01-16 15:53:37,990 src.utils DEBUG json_file: Готов к отрытию.
2026-01-16 15:53:37,991 src.utils DEBUG json_file: Успешно открыт.
2026-01-16 15:53:37,991 src.utils DEBUG Делаем магию...
2026-01-16 15:53:37,991 src.utils DEBUG Успешно.
2026-01-16 15:54:39,084 src.utils DEBUG json_file: Готов к отрытию.
2026-01-16 15:54:39,085 src.utils DEBUG json_file: Успешно открыт.
2026-01-16 15:54:39,085 src.utils DEBUG Делаем магию...
2026-01-16 15:54:39,085 src.utils DEBUG Успешно.
2026-01-16 15:55:05,908 src.utils DEBUG json_file: Готов к отрытию.
2026-01-16 15:55:05,909 src.utils DEBUG json_file: Успешно открыт.
2026-01-16 15:55:05,909 src.utils DEBUG Делаем магию...
2026-01-16 15:55:05,909 src.utils DEBUG Успешно.
2026-01-16 15:55:43,416 src.utils DEBUG json_file: Готов к отрытию.
2026-01-16 15:55:43,417 src.utils DEBUG json_file: Успешно открыт.
2026-01-16 15:55:43,417 src.utils DEBUG Делаем магию...
2026-01-16 15:55:43,418 src.utils DEBUG Успешно.
2026-01-16 15:57:18,823 src.utils DEBUG json_file: Готов к отрытию.
2026-01-16 15:57:18,824 src.utils DEBUG json_file: Успешно открыт.
2026-01-16 15:57:18,824 src.utils DEBUG Делаем магию...
2026-01-16 15:57:18,825 src.utils DEBUG Успешно.
2026-01-16 16:00:45,157 src.utils DEBUG json_file: Готов к отрытию.
2026-01-16 16:00:45,158 src.utils DEBUG json_file: Успешно открыт.
2026-01-16 16:00:45,158 src.utils DEBUG Делаем магию...
2026-01-16 16:00:45,158 src.utils DEBUG Успешно.
2026-01-16 16:01:23,465 src.utils DEBUG json_file: Готов к отрытию.
2026-01-16 16:01:23,467 src.utils DEBUG json_file: Успешно открыт.
2026-01-16 16:01:23,467 src.utils DEBUG Делаем магию...
2026-01-16 16:01:23,467 src.utils DEBUG Успешно.
2026-01-16 16:01:45,376 src.utils DEBUG json_file: Готов к отрытию.
2026-01-16 16:01:45,377 src.utils DEBUG json_file: Успешно открыт.
2026-01-16 16:01:45,377 src.utils DEBUG Делаем магию...
2026-01-16 16:01:45,377 src.utils DEBUG Успешно.
2026-01-16 16:39:05,220 src.utils DEBUG json_file: Готов к отрытию.
2026-01-16 16:39:05,222 src.utils DEBUG json_file: Успешно открыт.
2026-01-16 16:39:05,222 src.utils DEBUG Делаем магию...
2026-01-16 16:39:05,222 src.utils DEBUG Успешно.
